// Jest Snapshot v1, https://goo.gl/fbAQLP

exports[`App matches snapshot 1`] = `
<div>
  <div
    className="app-container"
  >
    <svg />
    <div
      className="tree-traversal"
    >
      <div
        className="menu-container"
      >
        <div>
          <button
            className="menu-button"
            onClick={[Function]}
          >
            Select traversal
            <span
              className="caret"
            />
          </button>
        </div>
      </div>
      <div
        style={
          Object {
            "marginTop": "20px",
          }
        }
      >
        <button
          onClick={[Function]}
        >
          Reset
        </button>
        <div
          className="traverse-number-container"
        />
      </div>
    </div>
  </div>
</div>
`;
